  console.warn
    [AgentSDK] AJV not available, schema validation will degrade: Cannot find module 'ajv' from 'src/agent-sdk/execution/Verifier.js'

    [0m [90m 4 |[39m   [33mAjv[39m [33m=[39m require([32m'ajv'[39m)[33m;[39m
     [90m 5 |[39m } [36mcatch[39m (error) {
    [31m[1m>[22m[39m[90m 6 |[39m   console[33m.[39mwarn([32m'[AgentSDK] AJV not available, schema validation will degrade:'[39m[33m,[39m error[33m.[39mmessage)[33m;[39m
     [90m   |[39m           [31m[1m^[22m[39m
     [90m 7 |[39m   [33mAjv[39m [33m=[39m [36mclass[39m [33mFallbackAjv[39m {
     [90m 8 |[39m     compile() {
     [90m 9 |[39m       [36mconst[39m validate [33m=[39m () [33m=>[39m [36mtrue[39m[33m;[39m[0m

      at Object.warn (src/agent-sdk/execution/Verifier.js:6:11)
      at Object.require (src/agent-sdk/AgentOrchestrator.js:10:22)
      at Object.require (src/agent-sdk/AgentOrchestrator.test.js:1:31)

  console.warn
    AgentOrchestrator started without a vectorStore; skill persistence is disabled

    [0m [90m 149 |[39m     [36mconst[39m skillsEnabled [33m=[39m vectorStore [33m?[39m config[33m.[39menableSkills [33m!==[39m [36mfalse[39m [33m:[39m [36mfalse[39m[33m;[39m
     [90m 150 |[39m     [36mif[39m ([33m![39mvectorStore) {
    [31m[1m>[22m[39m[90m 151 |[39m       console[33m.[39mwarn([32m'AgentOrchestrator started without a vectorStore; skill persistence is disabled'[39m)[33m;[39m
     [90m     |[39m               [31m[1m^[22m[39m
     [90m 152 |[39m     }
     [90m 153 |[39m
     [90m 154 |[39m     [36mthis[39m[33m.[39mllmClient [33m=[39m llmClient[33m;[39m[0m

      at new warn (src/agent-sdk/AgentOrchestrator.js:151:15)
      at Object.<anonymous> (src/agent-sdk/AgentOrchestrator.test.js:25:30)

  console.warn
    AgentOrchestrator started without a vectorStore; skill persistence is disabled

    [0m [90m 149 |[39m     [36mconst[39m skillsEnabled [33m=[39m vectorStore [33m?[39m config[33m.[39menableSkills [33m!==[39m [36mfalse[39m [33m:[39m [36mfalse[39m[33m;[39m
     [90m 150 |[39m     [36mif[39m ([33m![39mvectorStore) {
    [31m[1m>[22m[39m[90m 151 |[39m       console[33m.[39mwarn([32m'AgentOrchestrator started without a vectorStore; skill persistence is disabled'[39m)[33m;[39m
     [90m     |[39m               [31m[1m^[22m[39m
     [90m 152 |[39m     }
     [90m 153 |[39m
     [90m 154 |[39m     [36mthis[39m[33m.[39mllmClient [33m=[39m llmClient[33m;[39m[0m

      at new warn (src/agent-sdk/AgentOrchestrator.js:151:15)
      at Object.<anonymous> (src/agent-sdk/AgentOrchestrator.test.js:67:30)

  console.warn
    AgentOrchestrator started without a vectorStore; skill persistence is disabled

    [0m [90m 149 |[39m     [36mconst[39m skillsEnabled [33m=[39m vectorStore [33m?[39m config[33m.[39menableSkills [33m!==[39m [36mfalse[39m [33m:[39m [36mfalse[39m[33m;[39m
     [90m 150 |[39m     [36mif[39m ([33m![39mvectorStore) {
    [31m[1m>[22m[39m[90m 151 |[39m       console[33m.[39mwarn([32m'AgentOrchestrator started without a vectorStore; skill persistence is disabled'[39m)[33m;[39m
     [90m     |[39m               [31m[1m^[22m[39m
     [90m 152 |[39m     }
     [90m 153 |[39m
     [90m 154 |[39m     [36mthis[39m[33m.[39mllmClient [33m=[39m llmClient[33m;[39m[0m

      at new warn (src/agent-sdk/AgentOrchestrator.js:151:15)
      at Object.<anonymous> (src/agent-sdk/AgentOrchestrator.test.js:127:30)

  console.warn
    AgentOrchestrator started without a vectorStore; skill persistence is disabled

    [0m [90m 149 |[39m     [36mconst[39m skillsEnabled [33m=[39m vectorStore [33m?[39m config[33m.[39menableSkills [33m!==[39m [36mfalse[39m [33m:[39m [36mfalse[39m[33m;[39m
     [90m 150 |[39m     [36mif[39m ([33m![39mvectorStore) {
    [31m[1m>[22m[39m[90m 151 |[39m       console[33m.[39mwarn([32m'AgentOrchestrator started without a vectorStore; skill persistence is disabled'[39m)[33m;[39m
     [90m     |[39m               [31m[1m^[22m[39m
     [90m 152 |[39m     }
     [90m 153 |[39m
     [90m 154 |[39m     [36mthis[39m[33m.[39mllmClient [33m=[39m llmClient[33m;[39m[0m

      at new warn (src/agent-sdk/AgentOrchestrator.js:151:15)
      at Object.<anonymous> (src/agent-sdk/AgentOrchestrator.test.js:191:30)

  console.warn
    AgentOrchestrator started without a vectorStore; skill persistence is disabled

    [0m [90m 149 |[39m     [36mconst[39m skillsEnabled [33m=[39m vectorStore [33m?[39m config[33m.[39menableSkills [33m!==[39m [36mfalse[39m [33m:[39m [36mfalse[39m[33m;[39m
     [90m 150 |[39m     [36mif[39m ([33m![39mvectorStore) {
    [31m[1m>[22m[39m[90m 151 |[39m       console[33m.[39mwarn([32m'AgentOrchestrator started without a vectorStore; skill persistence is disabled'[39m)[33m;[39m
     [90m     |[39m               [31m[1m^[22m[39m
     [90m 152 |[39m     }
     [90m 153 |[39m
     [90m 154 |[39m     [36mthis[39m[33m.[39mllmClient [33m=[39m llmClient[33m;[39m[0m

      at new warn (src/agent-sdk/AgentOrchestrator.js:151:15)
      at Object.<anonymous> (src/agent-sdk/AgentOrchestrator.test.js:226:30)

  console.warn
    AgentOrchestrator started without a vectorStore; skill persistence is disabled

    [0m [90m 149 |[39m     [36mconst[39m skillsEnabled [33m=[39m vectorStore [33m?[39m config[33m.[39menableSkills [33m!==[39m [36mfalse[39m [33m:[39m [36mfalse[39m[33m;[39m
     [90m 150 |[39m     [36mif[39m ([33m![39mvectorStore) {
    [31m[1m>[22m[39m[90m 151 |[39m       console[33m.[39mwarn([32m'AgentOrchestrator started without a vectorStore; skill persistence is disabled'[39m)[33m;[39m
     [90m     |[39m               [31m[1m^[22m[39m
     [90m 152 |[39m     }
     [90m 153 |[39m
     [90m 154 |[39m     [36mthis[39m[33m.[39mllmClient [33m=[39m llmClient[33m;[39m[0m

      at new warn (src/agent-sdk/AgentOrchestrator.js:151:15)
      at Object.<anonymous> (src/agent-sdk/AgentOrchestrator.test.js:319:30)

  console.warn
    AgentOrchestrator started without a vectorStore; skill persistence is disabled

    [0m [90m 149 |[39m     [36mconst[39m skillsEnabled [33m=[39m vectorStore [33m?[39m config[33m.[39menableSkills [33m!==[39m [36mfalse[39m [33m:[39m [36mfalse[39m[33m;[39m
     [90m 150 |[39m     [36mif[39m ([33m![39mvectorStore) {
    [31m[1m>[22m[39m[90m 151 |[39m       console[33m.[39mwarn([32m'AgentOrchestrator started without a vectorStore; skill persistence is disabled'[39m)[33m;[39m
     [90m     |[39m               [31m[1m^[22m[39m
     [90m 152 |[39m     }
     [90m 153 |[39m
     [90m 154 |[39m     [36mthis[39m[33m.[39mllmClient [33m=[39m llmClient[33m;[39m[0m

      at new warn (src/agent-sdk/AgentOrchestrator.js:151:15)
      at Object.<anonymous> (src/agent-sdk/AgentOrchestrator.test.js:389:30)

  console.error
    [AgentOrchestrator] Failed to load recalled context: qdrant offline

    [0m [90m 921 |[39m       })[33m;[39m
     [90m 922 |[39m     } [36mcatch[39m (error) {
    [31m[1m>[22m[39m[90m 923 |[39m       console[33m.[39merror([32m'[AgentOrchestrator] Failed to load recalled context:'[39m[33m,[39m error[33m.[39mmessage)[33m;[39m
     [90m     |[39m               [31m[1m^[22m[39m
     [90m 924 |[39m       [36mreturn[39m [][33m;[39m
     [90m 925 |[39m     }
     [90m 926 |[39m   }[0m

      at AgentOrchestrator.error [as loadContextMessages] (src/agent-sdk/AgentOrchestrator.js:923:15)
      at AgentOrchestrator.executeConversation (src/agent-sdk/AgentOrchestrator.js:369:11)
      at Object.<anonymous> (src/agent-sdk/AgentOrchestrator.test.js:396:24)

  console.error
    [AgentOrchestrator] Failed to load recent transcript: session offline

    [0m [90m 934 |[39m       [36mreturn[39m [36mawait[39m [36mthis[39m[33m.[39msessionStore[33m.[39mgetRecentMessages(sessionId[33m,[39m limit)[33m;[39m
     [90m 935 |[39m     } [36mcatch[39m (error) {
    [31m[1m>[22m[39m[90m 936 |[39m       console[33m.[39merror([32m'[AgentOrchestrator] Failed to load recent transcript:'[39m[33m,[39m error[33m.[39mmessage)[33m;[39m
     [90m     |[39m               [31m[1m^[22m[39m
     [90m 937 |[39m       [36mreturn[39m [][33m;[39m
     [90m 938 |[39m     }
     [90m 939 |[39m   }[0m

      at AgentOrchestrator.error [as loadRecentMessages] (src/agent-sdk/AgentOrchestrator.js:936:15)
      at AgentOrchestrator.executeConversation (src/agent-sdk/AgentOrchestrator.js:374:11)
      at Object.<anonymous> (src/agent-sdk/AgentOrchestrator.test.js:396:24)

  console.warn
    AgentOrchestrator started without a vectorStore; skill persistence is disabled

    [0m [90m 149 |[39m     [36mconst[39m skillsEnabled [33m=[39m vectorStore [33m?[39m config[33m.[39menableSkills [33m!==[39m [36mfalse[39m [33m:[39m [36mfalse[39m[33m;[39m
     [90m 150 |[39m     [36mif[39m ([33m![39mvectorStore) {
    [31m[1m>[22m[39m[90m 151 |[39m       console[33m.[39mwarn([32m'AgentOrchestrator started without a vectorStore; skill persistence is disabled'[39m)[33m;[39m
     [90m     |[39m               [31m[1m^[22m[39m
     [90m 152 |[39m     }
     [90m 153 |[39m
     [90m 154 |[39m     [36mthis[39m[33m.[39mllmClient [33m=[39m llmClient[33m;[39m[0m

      at new warn (src/agent-sdk/AgentOrchestrator.js:151:15)
      at Object.<anonymous> (src/agent-sdk/AgentOrchestrator.test.js:418:30)

  console.warn
    AgentOrchestrator started without a vectorStore; skill persistence is disabled

    [0m [90m 149 |[39m     [36mconst[39m skillsEnabled [33m=[39m vectorStore [33m?[39m config[33m.[39menableSkills [33m!==[39m [36mfalse[39m [33m:[39m [36mfalse[39m[33m;[39m
     [90m 150 |[39m     [36mif[39m ([33m![39mvectorStore) {
    [31m[1m>[22m[39m[90m 151 |[39m       console[33m.[39mwarn([32m'AgentOrchestrator started without a vectorStore; skill persistence is disabled'[39m)[33m;[39m
     [90m     |[39m               [31m[1m^[22m[39m
     [90m 152 |[39m     }
     [90m 153 |[39m
     [90m 154 |[39m     [36mthis[39m[33m.[39mllmClient [33m=[39m llmClient[33m;[39m[0m

      at new warn (src/agent-sdk/AgentOrchestrator.js:151:15)
      at Object.<anonymous> (src/agent-sdk/AgentOrchestrator.test.js:450:30)

node.exe : FAIL src/agent-sdk/
AgentOrchestrator.test.js
At C:\Users\phill\AppData\Roam
ing\npm\npx.ps1:24 char:5
+     & "node$exe"  "$basedir/
node_modules/npm/bin/npx-cli.j
s" $args
+     ~~~~~~~~~~~~~~~~~~~~~~~~
~~~~~~~~~~~~~~~~~~~~~~~~~~~~~~
~~~~~~~~
    + CategoryInfo          : 
    NotSpecified: (FAIL src/  
  agent-...strator.test.js:   
 String) [], RemoteExcepti    
on
    + FullyQualifiedErrorId : 
    NativeCommandError
 
  AgentOrchestrator
    ├ù executes a string task 
input without requiring a 
vector store (18 ms)
    ├ù routes conversation 
execution through the 
orchestrator runtime path (9 
ms)
    ├ù can execute a planned 
multi-step conversation with 
tool usage and synthesis (8 
ms)
    ├ù ignores conversation 
agent executor unless it is 
explicitly enabled in config 
(5 ms)
    ΓêÜ conversation tool 
selection does not expose 
sandbox or ssh without 
explicit intent (5 ms)
    ├ù persists transcript 
and tool results through 
orchestrator-owned services 
(6 ms)
    ├ù degrades gracefully 
when memory and session 
persistence fail (12 ms)
    ΓêÜ normalizes legacy 
completion conditions to 
schema-valid values (4 ms)
    ΓêÜ keeps non-uuid 
runtime session IDs out of 
schema-validated task context 
(3 ms)

  ΓùÅ AgentOrchestrator ΓÇ║ 
executes a string task input 
without requiring a vector 
store

    expect(received).toBe(expe
cted) // Object.is equality

    Expected: "done"
    Received: "{\"complexity\"
:\"low\",\"requiredTools\":[],
\"estimatedSteps\":1,\"challen
ges\":[]}"

    [0m [90m 33 |[39m
     [90m 34 |[39m         e
xpect(result[33m.[39msuccess
)[33m.[39mtoBe([36mtrue[39
m)[33m;[39m
    [31m[1m>[22m[39m[90m 
35 |[39m         expect(resul
t[33m.[39moutput)[33m.[39m
toBe([32m'done'[39m)[33m;[
39m
     [90m    |[39m          
                     
[31m[1m^[22m[39m
     [90m 36 |[39m         e
xpect(result[33m.[39msession
Id)[33m.[39mtoBe([32m'sessi
on-1'[39m)[33m;[39m
     [90m 37 |[39m         e
xpect(result[33m.[39mtask[3
3m.[39mobjective)[33m.[39mt
oBe([32m'Keep this 
conversation 
organized.'[39m)[33m;[39m
     [90m 38 |[39m         e
xpect(result[33m.[39mtask[3
3m.[39mtype)[33m.[39mtoBe(
[32m'chat'[39m)[33m;[39m[0
m

      at Object.toBe (src/agen
t-sdk/AgentOrchestrator.test.j
s:35:31)

  ΓùÅ AgentOrchestrator ΓÇ║ 
routes conversation execution 
through the orchestrator 
runtime path

    TaskError: Invalid task: 
context.sessionId: invalid 
format 'uuid'

    [0m [90m 172 |[39m     
[36mconst[39m validation 
[33m=[39m validateTask([36m
this[39m[33m.[39mtoJSON())
[33m;[39m
     [90m 173 |[39m     
[36mif[39m ([33m![39mvalid
ation[33m.[39mvalid) {
    [31m[1m>[22m[39m[90m 
174 |[39m       
[36mthrow[39m [36mnew[39m 
[33mTaskError[39m(
     [90m     |[39m         
    [31m[1m^[22m[39m
     [90m 175 |[39m         
[32m`Invalid task: 
${validation.errors.join(', 
')}`[39m[33m,[39m
     [90m 176 |[39m         
[32m'VALIDATION_ERROR'[39m[
33m,[39m
     [90m 177 |[39m         
{ errors[33m:[39m 
validation[33m.[39merrors 
}[0m

      at new Task (src/agent-s
dk/core/Task.js:174:13)
      at AgentOrchestrator.exe
cuteConversation (src/agent-sd
k/AgentOrchestrator.js:376:18)
      at Object.<anonymous> (s
rc/agent-sdk/AgentOrchestrator
.test.js:72:24)

  ΓùÅ AgentOrchestrator ΓÇ║ 
can execute a planned 
multi-step conversation with 
tool usage and synthesis

    TaskError: Invalid task: 
context.sessionId: invalid 
format 'uuid'

    [0m [90m 172 |[39m     
[36mconst[39m validation 
[33m=[39m validateTask([36m
this[39m[33m.[39mtoJSON())
[33m;[39m
     [90m 173 |[39m     
[36mif[39m ([33m![39mvalid
ation[33m.[39mvalid) {
    [31m[1m>[22m[39m[90m 
174 |[39m       
[36mthrow[39m [36mnew[39m 
[33mTaskError[39m(
     [90m     |[39m         
    [31m[1m^[22m[39m
     [90m 175 |[39m         
[32m`Invalid task: 
${validation.errors.join(', 
')}`[39m[33m,[39m
     [90m 176 |[39m         
[32m'VALIDATION_ERROR'[39m[
33m,[39m
     [90m 177 |[39m         
{ errors[33m:[39m 
validation[33m.[39merrors 
}[0m

      at new Task (src/agent-s
dk/core/Task.js:174:13)
      at AgentOrchestrator.exe
cuteConversation (src/agent-sd
k/AgentOrchestrator.js:376:18)
      at Object.<anonymous> (s
rc/agent-sdk/AgentOrchestrator
.test.js:149:24)

  ΓùÅ AgentOrchestrator ΓÇ║ 
ignores conversation agent 
executor unless it is 
explicitly enabled in config

    TaskError: Invalid task: 
context.sessionId: invalid 
format 'uuid'

    [0m [90m 172 |[39m     
[36mconst[39m validation 
[33m=[39m validateTask([36m
this[39m[33m.[39mtoJSON())
[33m;[39m
     [90m 173 |[39m     
[36mif[39m ([33m![39mvalid
ation[33m.[39mvalid) {
    [31m[1m>[22m[39m[90m 
174 |[39m       
[36mthrow[39m [36mnew[39m 
[33mTaskError[39m(
     [90m     |[39m         
    [31m[1m^[22m[39m
     [90m 175 |[39m         
[32m`Invalid task: 
${validation.errors.join(', 
')}`[39m[33m,[39m
     [90m 176 |[39m         
[32m'VALIDATION_ERROR'[39m[
33m,[39m
     [90m 177 |[39m         
{ errors[33m:[39m 
validation[33m.[39merrors 
}[0m

      at new Task (src/agent-s
dk/core/Task.js:174:13)
      at AgentOrchestrator.exe
cuteConversation (src/agent-sd
k/AgentOrchestrator.js:376:18)
      at Object.<anonymous> (s
rc/agent-sdk/AgentOrchestrator
.test.js:196:24)

  ΓùÅ AgentOrchestrator ΓÇ║ 
persists transcript and tool 
results through 
orchestrator-owned services

    TaskError: Invalid task: 
context.sessionId: invalid 
format 'uuid'

    [0m [90m 172 |[39m     
[36mconst[39m validation 
[33m=[39m validateTask([36m
this[39m[33m.[39mtoJSON())
[33m;[39m
     [90m 173 |[39m     
[36mif[39m ([33m![39mvalid
ation[33m.[39mvalid) {
    [31m[1m>[22m[39m[90m 
174 |[39m       
[36mthrow[39m [36mnew[39m 
[33mTaskError[39m(
     [90m     |[39m         
    [31m[1m^[22m[39m
     [90m 175 |[39m         
[32m`Invalid task: 
${validation.errors.join(', 
')}`[39m[33m,[39m
     [90m 176 |[39m         
[32m'VALIDATION_ERROR'[39m[
33m,[39m
     [90m 177 |[39m         
{ errors[33m:[39m 
validation[33m.[39merrors 
}[0m

      at new Task (src/agent-s
dk/core/Task.js:174:13)
      at AgentOrchestrator.exe
cuteConversation (src/agent-sd
k/AgentOrchestrator.js:376:18)
      at Object.<anonymous> (s
rc/agent-sdk/AgentOrchestrator
.test.js:326:24)

  ΓùÅ AgentOrchestrator ΓÇ║ 
degrades gracefully when 
memory and session 
persistence fail

    TaskError: Invalid task: 
context.sessionId: invalid 
format 'uuid'

    [0m [90m 172 |[39m     
[36mconst[39m validation 
[33m=[39m validateTask([36m
this[39m[33m.[39mtoJSON())
[33m;[39m
     [90m 173 |[39m     
[36mif[39m ([33m![39mvalid
ation[33m.[39mvalid) {
    [31m[1m>[22m[39m[90m 
174 |[39m       
[36mthrow[39m [36mnew[39m 
[33mTaskError[39m(
     [90m     |[39m         
    [31m[1m^[22m[39m
     [90m 175 |[39m         
[32m`Invalid task: 
${validation.errors.join(', 
')}`[39m[33m,[39m
     [90m 176 |[39m         
[32m'VALIDATION_ERROR'[39m[
33m,[39m
     [90m 177 |[39m         
{ errors[33m:[39m 
validation[33m.[39merrors 
}[0m

      at new Task (src/agent-s
dk/core/Task.js:174:13)
      at AgentOrchestrator.exe
cuteConversation (src/agent-sd
k/AgentOrchestrator.js:376:18)
      at Object.<anonymous> (s
rc/agent-sdk/AgentOrchestrator
.test.js:396:24)

Test Suites: 1 failed, 1 total
Tests:       6 failed, 3 
passed, 9 total
Snapshots:   0 total
Time:        0.459 s, 
estimated 1 s
Ran all test suites matching /
src\\agent-sdk\\AgentOrchestra
tor.test.js/i.

  ΓùÅ  Cannot log after tests 
are done. Did you forget to 
wait for something async in 
your test?
    Attempted to log "Using 
default settings".

    [0m [90m 226 |[39m     
    [33m...[39msshUpdate[33
m,[39m
     [90m 227 |[39m       
}[33m;[39m
    [31m[1m>[22m[39m[90m 
228 |[39m
     [90m     |[39m 
[31m[1m^[22m[39m
     [90m 229 |[39m       
[36mif[39m 
(nextSsh[33m.[39mhost 
[33m!==[39m undefined) {
     [90m 230 |[39m         
nextSsh[33m.[39mhost 
[33m=[39m [33mString[39m(n
extSsh[33m.[39mhost 
[33m||[39m [32m''[39m)[33
m.[39mtrim()[33m;[39m
     [90m 231 |[39m       
}[0m

      at console.log (node_mod
ules/@jest/console/build/Custo
mConsole.js:141:10)
      at SettingsController.lo
adSettings (src/routes/admin/s
ettings.controller.js:228:15)

